[www.fairchild.tv/index.html]
[backblue.gif]
[fade.gif]
[index.html]
[www.fairchild.tv/work.html]
[www.fairchild.tv/about.html]
[www.fairchild.tv/contact.html]
[www.fairchild.tv/awards.html]
[www.fairchild.tv/project-introduction/mtv-base-spanking-new-2022.html]
[www.fairchild.tv/project-introduction/netflix-who-killed-senzo.html]
[www.fairchild.tv/project-introduction/mtv-queens-of-base.html]
[www.fairchild.tv/index.html]
[www.fairchild.tv/project-introduction/mtv-base-womans-month-2022.html]
[www.fairchild.tv/project-introduction/bet.html]
[www.fairchild.tv/project-introduction/mtv-base-baselines-2020.html]
[www.fairchild.tv/project-introduction/mtv-base-spanking-new-promo.html]
[www.fairchild.tv/project-introduction/comedy-central-roast-of-aka.html]
[www.fairchild.tv/project-introduction/mtv-base-summer-ident.html]
[www.fairchild.tv/project-introduction/sabc-2-summer-2019-tvc.html]
[www.fairchild.tv/project-introduction/mtv-base-vj-search-2018-opener.html]
[www.fairchild.tv/project-introduction/nickelodeon-toysprint-2018-campaign.html]
[www.fairchild.tv/project-introduction/nickelodeon-genius-tvc.html]
[www.fairchild.tv/work.html]
[www.fairchild.tv/about.html]
[www.fairchild.tv/contact.html]
[www.fairchild.tv/awards.html]
[www.fairchild.tv/project-introduction/mtv-base-spanking-new-2022.html]
[www.fairchild.tv/project-introduction/netflix-who-killed-senzo.html]
[www.fairchild.tv/project-introduction/mtv-queens-of-base.html]
[www.fairchild.tv/project-introduction/mtv-base-womans-month-2022.html]
[www.fairchild.tv/project-introduction/bet.html]
[www.fairchild.tv/project-introduction/mtv-base-baselines-2020.html]
[www.fairchild.tv/project-introduction/mtv-base-spanking-new-promo.html]
[www.fairchild.tv/project-introduction/comedy-central-roast-of-aka.html]
[www.fairchild.tv/project-introduction/mtv-base-summer-ident.html]
[www.fairchild.tv/project-introduction/sabc-2-summer-2019-tvc.html]
[www.fairchild.tv/project-introduction/mtv-base-vj-search-2018-opener.html]
[www.fairchild.tv/project-introduction/nickelodeon-toysprint-2018-campaign.html]
[www.fairchild.tv/project-introduction/nickelodeon-genius-tvc.html]
[www.fairchild.tv/_https_/cdn.prod.website-files.com/62d7d408f77d81d871ac1f11/633e8691718e569207254277_bgweb-poster-00001.html]
[www.fairchild.tv/_https_/cdn.prod.website-files.com/62d7d408f77d81d871ac1f11/6321b731a3ecf870196c92a9_Teaser Vid-poster-00001.html]
[www.fairchild.tv/project-introduction/s3-fearless-by-nature.html]
[www.fairchild.tv/project-introduction/mtv-base-mega-hits.html]
[www.fairchild.tv/project-introduction/mtv-base-milf-weekend.html]
[www.fairchild.tv/project-introduction/mtv-base-no-to-payola.html]
[www.fairchild.tv/project-introduction/netflix-mobile.html]
[www.fairchild.tv/project-introduction/sabc-3-escape-the-norm.html]
[www.fairchild.tv/project-introduction/nickelodeon-toysprint.html]
[www.fairchild.tv/project-introduction/mtv-base-blaze-the-trail.html]
[www.fairchild.tv/project-introduction/mtv-snap-crack-and-base.html]
[www.fairchild.tv/project-introduction/mtv-africa-music-awards-2016.html]
[www.fairchild.tv/project-introduction/mtv-africa-music-awards-2015.html]
[www.fairchild.tv/all-of-our-awards.html]
[www.fairchild.tv/project-introduction/_https_/cdn.prod.website-files.com/62fe0d5f18646e544e402fbc/633415fc968fd32bfcbaa200_Spanking New Thumb.html]
[www.fairchild.tv/project-introduction/_https_/cdn.prod.website-files.com/62fe0d5f18646e544e402fbc/633415a9417045144af6b1cb_SENZO Thumb.html]
[www.fairchild.tv/project-introduction/_https_/cdn.prod.website-files.com/62fe0d5f18646e544e402fbc/6373730fceeed744c50fb2fc_Screenshot 2022-11-15 at 13.06.53.html]
[www.fairchild.tv/project-introduction/_https_/cdn.prod.website-files.com/62fe0d5f18646e544e402fbc/639ace3886e0b172b8d90f48_MTV BASE WOMANS MONTH 2022.html]
[www.fairchild.tv/project-introduction/_https_/cdn.prod.website-files.com/62fe0d5f18646e544e402fbc/633415ee5a9abd5eb2786c46_isono thumb.html]
[www.fairchild.tv/project-introduction/_https_/cdn.prod.website-files.com/62fe0d5f18646e544e402fbc/639ad06fb9bb742fa7944477_MTV Base Baselines 2020.html]
[www.fairchild.tv/project-introduction/_https_/cdn.prod.website-files.com/62fe0d5f18646e544e402fbc/639ad13b54dd544d668d0fc2_MTV Base Spanking New Promo.html]
[www.fairchild.tv/project-introduction/_https_/cdn.prod.website-files.com/62fe0d5f18646e544e402fbc/63341573c54f12914c381eab_roast.html]
[www.fairchild.tv/project-introduction/_https_/cdn.prod.website-files.com/62fe0d5f18646e544e402fbc/63341594417045d2fff6afa2_idents.html]
[www.fairchild.tv/project-introduction/_https_/cdn.prod.website-files.com/62fe0d5f18646e544e402fbc/639ad226a962430d814b4b58_SABC 2 SUMMER 2019 TVC.html]
[www.fairchild.tv/project-introduction/_https_/cdn.prod.website-files.com/62fe0d5f18646e544e402fbc/63341559fb3ab5f3d5262bb8_vj copy.html]
[www.fairchild.tv/project-introduction/_https_/cdn.prod.website-files.com/62fe0d5f18646e544e402fbc/639ad3bae1266c573c1ed9c7_Nickelodeon Toysprint 2018 TVC.html]
[www.fairchild.tv/project-introduction/_https_/cdn.prod.website-files.com/62fe0d5f18646e544e402fbc/6334294cf300c55fbaf12fb9_genius copy.html]
